(1789297894.320572) uds 7E0#0322F190AAAAAAAA R
(1789297894.320983) uds 7E8#101462F190574341 R
(1789297894.321281) uds 7E0#300800AAAAAAAAAA R
(1789297894.321522) uds 7E8#214E4C4142303030 R
(1789297894.321579) uds 7E8#2230303030303031 R
(1789297894.322040) uds 7E0#03220100AAAAAAAA R
(1789297894.322336) uds 7E8#056201000D48AAAA R
(1789297894.322751) uds 7E0#0322F1A0AAAAAAAA R
(1789297894.323034) uds 7E8#037F2233AAAAAAAA R
(1789297894.323378) uds 7E0#022701AAAAAAAAAA R
(1789297894.323635) uds 7E8#037F277FAAAAAAAA R
(1789297894.323938) uds 7E0#021003AAAAAAAAAA R
(1789297894.324134) uds 7E8#065003003201F4AA R
(1789297894.324342) uds 7E0#022701AAAAAAAAAA R
(1789297894.324509) uds 7E8#06670112345678AA R
(1789297894.324713) uds 7E0#062702B792F5E0AA R
(1789297894.324879) uds 7E8#026702AAAAAAAAAA R
(1789297894.325068) uds 7E0#0322F1A0AAAAAAAA R
(1789297894.325227) uds 7E8#101062F1A043414C R
(1789297894.325342) uds 7E0#300800AAAAAAAAAA R
(1789297894.325489) uds 7E8#212D323032362D30 R
(1789297894.325538) uds 7E8#22392D41AAAAAAAA R
(1789297894.325804) uds 7E0#0722F187F18CF195 R
(1789297894.325967) uds 7E8#102362F18743414E R
(1789297894.326077) uds 7E0#300800AAAAAAAAAA R
(1789297894.326148) uds 7E8#214C41422D454E47 R
(1789297894.326187) uds 7E8#222D30303031F18C R
(1789297894.326220) uds 7E8#23534E3030303034 R
(1789297894.326251) uds 7E8#2432F195312E302E R
(1789297894.326288) uds 7E8#2533AAAAAAAAAAAA R
(1789297894.326595) uds 7E0#0322DEADAAAAAAAA R
(1789297894.326783) uds 7E8#037F2231AAAAAAAA R
(1789297894.326973) uds 7E0#03220200AAAAAAAA R
(1789297894.327136) uds 7E8#037F2278AAAAAAAA R
(1789297894.627404) uds 7E8#05620200DEADAAAA R
(1789297894.628051) uds 7E0#03190109AAAAAAAA R
(1789297894.628405) uds 7E8#0659014D010002AA R
(1789297894.628963) uds 7E0#031902FFAAAAAAAA R
(1789297894.629246) uds 7E8#100F59024D011F00 R
(1789297894.629436) uds 7E0#300800AAAAAAAAAA R
(1789297894.629539) uds 7E8#210903010004C073 R
(1789297894.629588) uds 7E8#220008AAAAAAAAAA R
(1789297894.629900) uds 7E0#023E00AAAAAAAAAA R
(1789297894.630052) uds 7E8#027E00AAAAAAAAAA R
(1789297894.630278) uds 7E0#021101AAAAAAAAAA R
(1789297894.630416) uds 7E8#037F1122AAAAAAAA R
